../Modules/SNAKE/Src/SnakeLogic.cpp:10:13:snake::Coordinate& snake::ClassicSnake::Promote(snake::Coordinate&)	0	static
../Modules/SNAKE/Src/SnakeLogic.cpp:21:13:snake::Coordinate& snake::ClassicSnake::CheckBoundaries(snake::Coordinate&)	4	static
../Modules/SNAKE/Src/SnakeLogic.cpp:46:15:snake::ClassicSnake& snake::ClassicSnake::Move()	24	static
../Modules/SNAKE/Src/SnakeLogic.cpp:60:15:snake::ClassicSnake& snake::ClassicSnake::AddNodeToEnd()	16	static
../Modules/SNAKE/Src/SnakeLogic.cpp:66:15:snake::ClassicSnake& snake::ClassicSnake::NewDirection(snake::directions)	0	static
../Modules/SNAKE/Src/SnakeLogic.cpp:72:6:bool snake::ClassicSnake::CheckSnakeCollision(const snake::SnakeNode&) const	8	static
../Modules/SNAKE/Src/SnakeLogic.cpp:84:6:bool snake::ClassicSnake::CheckFruit()	0	static
../Modules/SNAKE/Src/SnakeLogic.cpp:91:8:size_t snake::ClassicSnake::getSizeSnake()	0	static
c:\st\stm32cubeide_1.8.0\stm32cubeide\plugins\com.st.stm32cube.ide.mcu.externaltools.gnu-tools-for-stm32.10.3-2021.10.win32_1.0.100.202210260954\tools\arm-none-eabi\include\c++\10.3.1\bits\random.tcc:52:7:static _Tp std::__detail::_Mod<_Tp, __m, __a, __c, false, true>::__calc(_Tp) [with _Tp = unsigned int; _Tp __m = 2147483647; _Tp __a = 16807; _Tp __c = 0]	0	static
c:\st\stm32cubeide_1.8.0\stm32cubeide\plugins\com.st.stm32cube.ide.mcu.externaltools.gnu-tools-for-stm32.10.3-2021.10.win32_1.0.100.202210260954\tools\arm-none-eabi\include\c++\10.3.1\bits\uniform_int_dist.h:241:7:std::uniform_int_distribution<_IntType>::result_type std::uniform_int_distribution<_IntType>::operator()(_UniformRandomNumberGenerator&, const std::uniform_int_distribution<_IntType>::param_type&) [with _UniformRandomNumberGenerator = std::linear_congruential_engine<unsigned int, 16807, 0, 2147483647>; _IntType = long int]	40	static
../Modules/SNAKE/Src/SnakeLogic.cpp:4:9:snake::coord_t snake::random_generator::generate(snake::coord_t, snake::coord_t)	16	static
../Modules/SNAKE/Src/SnakeLogic.cpp:78:12:snake::SnakeNode& snake::ClassicSnake::GenerateNewFruit()	16	static
../Modules/SNAKE/Src/SnakeLogic.cpp:30:1:snake::ClassicSnake::ClassicSnake(snake::Coordinate, snake::Coordinate, snake::color_t, snake::color_t, snake::color_t, snake::color_t)	56	static
