../Modules/SNAKE/Src/SnakeLogic.cpp:4:13:Coordinate& snake::ClassicSnake::Promote(Coordinate&)	0	static
../Modules/SNAKE/Src/SnakeLogic.cpp:15:13:Coordinate& snake::ClassicSnake::CheckBoundaries(Coordinate&)	4	static
../Modules/SNAKE/Src/SnakeLogic.cpp:40:15:snake::ClassicSnake& snake::ClassicSnake::Move()	24	static
../Modules/SNAKE/Src/SnakeLogic.cpp:54:15:snake::ClassicSnake& snake::ClassicSnake::AddNodeToEnd()	16	static
../Modules/SNAKE/Src/SnakeLogic.cpp:60:15:snake::ClassicSnake& snake::ClassicSnake::NewDirection(snake::directions)	0	static
../Modules/SNAKE/Src/SnakeLogic.cpp:66:6:bool snake::ClassicSnake::CheckSnakeCollision(const snake::SnakeNode&) const	8	static
../Modules/SNAKE/Src/SnakeLogic.cpp:72:12:snake::SnakeNode& snake::ClassicSnake::GenerateNewFruit()	16	static
../Modules/SNAKE/Src/SnakeLogic.cpp:24:1:snake::ClassicSnake::ClassicSnake(Coordinate, Coordinate, snake::color_t, snake::color_t, snake::color_t, snake::color_t)	56	static
../Modules/SNAKE/Src/SnakeLogic.cpp:78:6:bool snake::ClassicSnake::CheckFruit()	0	static
../Modules/SNAKE/Src/SnakeLogic.cpp:85:8:size_t snake::ClassicSnake::getSizeSnake()	0	static
