../Modules/SNAKE/Src/SnakeLogic.cpp:4:13:Coordinate& snake::ClassicSnake::Promote(Coordinate&)	0	static
../Modules/SNAKE/Src/SnakeLogic.cpp:15:13:Coordinate& snake::ClassicSnake::CheckBoundaries(Coordinate&)	4	static
../Modules/SNAKE/Src/SnakeLogic.cpp:40:15:snake::ClassicSnake& snake::ClassicSnake::Move()	24	static
../Modules/SNAKE/Src/SnakeLogic.cpp:54:15:snake::ClassicSnake& snake::ClassicSnake::AddNodeToEnd()	16	static
../Modules/SNAKE/Src/SnakeLogic.cpp:60:15:snake::ClassicSnake& snake::ClassicSnake::NewDirection(snake::directions)	0	static
../Modules/SNAKE/Src/SnakeLogic.cpp:66:6:bool snake::ClassicSnake::CheckSnakeCollision(const snake::SnakeNode&) const	8	static
../Modules/SNAKE/Src/SnakeLogic.cpp:78:6:bool snake::ClassicSnake::CheckFruit()	0	static
../Modules/SNAKE/Src/SnakeLogic.cpp:85:8:size_t snake::ClassicSnake::getSizeSnake()	0	static
c:\st\stm32cubeide_1.8.0\stm32cubeide\plugins\com.st.stm32cube.ide.mcu.externaltools.gnu-tools-for-stm32.10.3-2021.10.win32_1.0.100.202210260954\tools\arm-none-eabi\include\c++\10.3.1\bits\random.tcc:52:7:static _Tp std::__detail::_Mod<_Tp, __m, __a, __c, false, true>::__calc(_Tp) [with _Tp = unsigned int; _Tp __m = 2147483647; _Tp __a = 16807; _Tp __c = 0]	0	static
c:\st\stm32cubeide_1.8.0\stm32cubeide\plugins\com.st.stm32cube.ide.mcu.externaltools.gnu-tools-for-stm32.10.3-2021.10.win32_1.0.100.202210260954\tools\arm-none-eabi\include\c++\10.3.1\bits\uniform_int_dist.h:241:7:std::uniform_int_distribution<_IntType>::result_type std::uniform_int_distribution<_IntType>::operator()(_UniformRandomNumberGenerator&, const std::uniform_int_distribution<_IntType>::param_type&) [with _UniformRandomNumberGenerator = std::linear_congruential_engine<unsigned int, 16807, 0, 2147483647>; _IntType = long int]	40	static
../Modules/SNAKE/Src/SnakeLogic.cpp:72:12:snake::SnakeNode& snake::ClassicSnake::GenerateNewFruit()	24	static
../Modules/SNAKE/Src/SnakeLogic.cpp:24:1:snake::ClassicSnake::ClassicSnake(Coordinate, Coordinate, snake::color_t, snake::color_t, snake::color_t, snake::color_t)	56	static
