../Drivers/STM32F1xx_HAL_Driver/Src/stm32f1xx_hal_dma.c:161:19:HAL_DMA_Init	4	static
../Drivers/STM32F1xx_HAL_Driver/Src/stm32f1xx_hal_dma.c:245:19:HAL_DMA_DeInit	4	static
../Drivers/STM32F1xx_HAL_Driver/Src/stm32f1xx_hal_dma.c:338:19:HAL_DMA_Start	12	static
../Drivers/STM32F1xx_HAL_Driver/Src/stm32f1xx_hal_dma.c:381:19:HAL_DMA_Start_IT	12	static
../Drivers/STM32F1xx_HAL_Driver/Src/stm32f1xx_hal_dma.c:435:19:HAL_DMA_Abort	0	static
../Drivers/STM32F1xx_HAL_Driver/Src/stm32f1xx_hal_dma.c:463:19:HAL_DMA_Abort_IT	8	static
../Drivers/STM32F1xx_HAL_Driver/Src/stm32f1xx_hal_dma.c:508:19:HAL_DMA_PollForTransfer	48	static
../Drivers/STM32F1xx_HAL_Driver/Src/stm32f1xx_hal_dma.c:609:6:HAL_DMA_IRQHandler	16	static
../Drivers/STM32F1xx_HAL_Driver/Src/stm32f1xx_hal_dma.c:699:19:HAL_DMA_RegisterCallback	0	static
../Drivers/STM32F1xx_HAL_Driver/Src/stm32f1xx_hal_dma.c:750:19:HAL_DMA_UnRegisterCallback	0	static
../Drivers/STM32F1xx_HAL_Driver/Src/stm32f1xx_hal_dma.c:826:22:HAL_DMA_GetState	0	static
../Drivers/STM32F1xx_HAL_Driver/Src/stm32f1xx_hal_dma.c:838:10:HAL_DMA_GetError	0	static
