../Modules/PROCESS/Src/General.cpp:4:10:uint32_t computeTimeDuration(uint32_t)	8	static
c:\st\stm32cubeide_1.8.0\stm32cubeide\plugins\com.st.stm32cube.ide.mcu.externaltools.gnu-tools-for-stm32.10.3-2021.10.win32_1.0.100.202210260954\tools\arm-none-eabi\include\c++\10.3.1\bits\random.tcc:52:7:static _Tp std::__detail::_Mod<_Tp, __m, __a, __c, false, true>::__calc(_Tp) [with _Tp = unsigned int; _Tp __m = 2147483647; _Tp __a = 16807; _Tp __c = 0]	0	static
c:\st\stm32cubeide_1.8.0\stm32cubeide\plugins\com.st.stm32cube.ide.mcu.externaltools.gnu-tools-for-stm32.10.3-2021.10.win32_1.0.100.202210260954\tools\arm-none-eabi\include\c++\10.3.1\bits\uniform_int_dist.h:241:7:std::uniform_int_distribution<_IntType>::result_type std::uniform_int_distribution<_IntType>::operator()(_UniformRandomNumberGenerator&, const std::uniform_int_distribution<_IntType>::param_type&) [with _UniformRandomNumberGenerator = std::linear_congruential_engine<unsigned int, 16807, 0, 2147483647>; _IntType = long int]	40	static
../Modules/PROCESS/Src/General.cpp:11:9:int32_t random_generator::generate(int32_t, int32_t)	16	static
../Modules/PROCESS/Src/General.cpp:15:1:cpp)	0	static
