../Src/Adafruit_GFX/Adafruit_GFX.cpp:89:10:uint16_t tft_begin()	8	static
../Src/Adafruit_GFX/Adafruit_GFX.cpp:105:6:void tft_writeLine(int16_t, int16_t, int16_t, int16_t, uint16_t)	48	static
../Src/Adafruit_GFX/Adafruit_GFX.cpp:156:6:void tft_writePixel(int16_t, int16_t, uint16_t)	8	static
../Src/Adafruit_GFX/Adafruit_GFX.cpp:162:6:void tft_writeFastVLine(int16_t, int16_t, int16_t, uint16_t)	8	static
../Src/Adafruit_GFX/Adafruit_GFX.cpp:170:6:void tft_writeFastHLine(int16_t, int16_t, int16_t, uint16_t)	8	static
../Src/Adafruit_GFX/Adafruit_GFX.cpp:180:6:void tft_writeFillRect(int16_t, int16_t, int16_t, int16_t, uint16_t)	16	static
../Src/Adafruit_GFX/Adafruit_GFX.cpp:187:6:void tft_fillScreen(uint16_t)	16	static
../Src/Adafruit_GFX/Adafruit_GFX.cpp:195:6:void tft_drawLine(int16_t, int16_t, int16_t, int16_t, uint16_t)	16	static
../Src/Adafruit_GFX/Adafruit_GFX.cpp:215:6:void tft_drawCircle(int16_t, int16_t, int16_t, uint16_t)	56	static
../Src/Adafruit_GFX/Adafruit_GFX.cpp:252:6:void tft_drawCircleHelper(int16_t, int16_t, int16_t, uint8_t, uint16_t)	72	static
../Src/Adafruit_GFX/Adafruit_GFX.cpp:301:6:void tft_fillCircleHelper(int16_t, int16_t, int16_t, uint8_t, int16_t, uint16_t)	64	static
../Src/Adafruit_GFX/Adafruit_GFX.cpp:294:6:void tft_fillCircle(int16_t, int16_t, int16_t, uint16_t)	32	static
../Src/Adafruit_GFX/Adafruit_GFX.cpp:336:6:void tft_drawRect(int16_t, int16_t, int16_t, int16_t, uint16_t)	24	static
../Src/Adafruit_GFX/Adafruit_GFX.cpp:345:6:void tft_drawRoundRect(int16_t, int16_t, int16_t, int16_t, int16_t, uint16_t)	64	static
../Src/Adafruit_GFX/Adafruit_GFX.cpp:360:6:void tft_fillRoundRect(int16_t, int16_t, int16_t, int16_t, int16_t, uint16_t)	56	static
../Src/Adafruit_GFX/Adafruit_GFX.cpp:371:6:void tft_drawTriangle(int16_t, int16_t, int16_t, int16_t, int16_t, int16_t, uint16_t)	40	static
../Src/Adafruit_GFX/Adafruit_GFX.cpp:379:6:void tft_fillTriangle(int16_t, int16_t, int16_t, int16_t, int16_t, int16_t, uint16_t)	72	static
../Src/Adafruit_GFX/Adafruit_GFX.cpp:468:6:void tft_drawBitmap(int16_t, int16_t, const uint8_t*, int16_t, int16_t, uint16_t)	56	static
../Src/Adafruit_GFX/Adafruit_GFX.cpp:488:6:void tft_drawBitmap(int16_t, int16_t, const uint8_t*, int16_t, int16_t, uint16_t, uint16_t)	64	static
../Src/Adafruit_GFX/Adafruit_GFX.cpp:507:6:void tft_drawBitmap(int16_t, int16_t, uint8_t*, int16_t, int16_t, uint16_t)	56	static
../Src/Adafruit_GFX/Adafruit_GFX.cpp:525:6:void tft_drawBitmap(int16_t, int16_t, uint8_t*, int16_t, int16_t, uint16_t, uint16_t)	64	static
../Src/Adafruit_GFX/Adafruit_GFX.cpp:546:6:void tft_drawXBitmap(int16_t, int16_t, const uint8_t*, int16_t, int16_t, uint16_t)	56	static
../Src/Adafruit_GFX/Adafruit_GFX.cpp:564:6:void tft_drawChar(int16_t, int16_t, unsigned char, uint16_t, uint16_t, uint8_t)	104	static
../Src/Adafruit_GFX/Adafruit_GFX.cpp:666:6:void tft_write(uint8_t)	24	static
../Src/Adafruit_GFX/Adafruit_GFX.cpp:727:6:void tft_setCursor(int16_t, int16_t)	0	static
../Src/Adafruit_GFX/Adafruit_GFX.cpp:733:9:int16_t tft_getCursorX()	0	static
../Src/Adafruit_GFX/Adafruit_GFX.cpp:738:9:int16_t tft_getCursorY()	0	static
../Src/Adafruit_GFX/Adafruit_GFX.cpp:743:6:void tft_setTextSize(uint8_t)	0	static
../Src/Adafruit_GFX/Adafruit_GFX.cpp:748:6:void tft_setTextColor(uint16_t)	0	static
../Src/Adafruit_GFX/Adafruit_GFX.cpp:755:6:void tft_setTextColor(uint16_t, uint16_t)	0	static
../Src/Adafruit_GFX/Adafruit_GFX.cpp:761:6:void tft_setTextWrap(bool)	0	static
../Src/Adafruit_GFX/Adafruit_GFX.cpp:766:9:uint8_t tft_getRotation()	0	static
../Src/Adafruit_GFX/Adafruit_GFX.cpp:771:6:void tft_setRotation(uint8_t)	8	static
../Src/Adafruit_GFX/Adafruit_GFX.cpp:792:6:void tft_setFont(const GFXfont*)	0	static
../Src/Adafruit_GFX/Adafruit_GFX.cpp:813:6:void tft_getTextBounds(char*, int16_t, int16_t, int16_t*, int16_t*, uint16_t*, uint16_t*)	80	static
../Src/Adafruit_GFX/Adafruit_GFX.cpp:920:9:int16_t tft_width()	0	static
../Src/Adafruit_GFX/Adafruit_GFX.cpp:925:9:int16_t tft_height()	0	static
../Src/Adafruit_GFX/Adafruit_GFX.cpp:930:6:void tft_invertDisplay(bool)	0	static
../Src/Adafruit_GFX/Adafruit_GFX.cpp:935:6:void tft_print(char*)	16	static
../Src/Adafruit_GFX/Adafruit_GFX.cpp:954:6:)	16	static
../Src/Adafruit_GFX/Adafruit_GFX.cpp:943:6:void tft_print(float)	8	static
../Src/Adafruit_GFX/Adafruit_GFX.cpp:948:6:void tft_print(int)	8	static
../Src/Adafruit_GFX/Adafruit_GFX.cpp:971:6:void tft_box_write(t_tb_data*, uint8_t)	24	static
../Src/Adafruit_GFX/Adafruit_GFX.cpp:1041:6:void tft_box_print(t_tb_data*, char*)	24	static
