../Src/awrap.cpp:6:6:void delayMS(uint32_t)	8	static
../Src/awrap.cpp:13:17:void delayUS(uint32_t)	0	static,ignoring_inline_asm
../Src/awrap.cpp:27:10:uint32_t millis()	8	static
../Src/awrap.cpp:35:10:uint32_t micros()	16	static,ignoring_inline_asm
../Src/awrap.cpp:54:6:void setPinMode(GPIO_TypeDef*, uint32_t, uint32_t, uint32_t, uint32_t)	24	static
../Src/awrap.cpp:66:6:void timerPause(TIM_HandleTypeDef*)	0	static
../Src/awrap.cpp:77:6:void timerResume(TIM_HandleTypeDef*)	0	static
../Src/awrap.cpp:101:6:void timerSetPeriod(TIM_HandleTypeDef*, uint32_t)	4	static
../Src/awrap.cpp:117:6:void timerSetCount(TIM_HandleTypeDef*, uint32_t)	0	static
../Src/awrap.cpp:141:6:void timerSetCompare(TIM_HandleTypeDef*, uint32_t, uint32_t)	0	static
../Src/awrap.cpp:128:6:void timerSetPWM(TIM_HandleTypeDef*, uint32_t, uint16_t)	8	static
