../Src/display.cpp:49:6:void setFocusLabel(uint8_t)	0	static
../Src/display.cpp:99:6:void repaintLabels()	0	static
../Src/display.cpp:107:6:void erease_markers()	16	static
../Src/display.cpp:115:6:void draw_markers()	8	static
../Src/display.cpp:56:6:void focusNextLabel()	8	static
../Src/display.cpp:212:6:void setTriggerTimer()	8	static
../Src/display.cpp:229:10:uint16_t fade_color(uint16_t)	0	static
../Src/display.cpp:234:6:void clearPersistence()	16	static
../Src/display.cpp:240:6:void setPersistence(uint8_t)	8	static
../Src/display.cpp:246:6:void togglePersistence()	8	static
../Src/display.cpp:254:6:void indicateCapturing()	8	static
../Src/display.cpp:267:6:void indicateCapturingDone()	16	static
../Src/display.cpp:279:6:void clearNDrawSignals()	88	static
../Src/display.cpp:449:6:void drawVCursor(int, uint16_t, bool)	32	static
../Src/display.cpp:460:6:void drawGrid()	32	static
../Src/display.cpp:483:6:void drawLabels()	40	static
../Src/display.cpp:218:6:void clearWaves()	8	static
../Src/display.cpp:754:6:void calculateStats()	80	static
../Src/display.cpp:855:6:void calculateSimpleStats()	24	static
../Src/display.cpp:891:6:void drawVoltage(float, int, bool)	24	static
../Src/display.cpp:669:6:void drawStats()	24	static
../Src/display.cpp:934:6:void draw_markerstats()	48	static
../Src/display.cpp:1008:6:void drawVoltageLarge(float, int, uint16_t)	32	static
../Src/display.cpp:744:6:void drawVoltageStat()	8	static
../Src/display.cpp:1061:6:void clearStats()	16	static
../Src/display.cpp:150:6:void drawWaves()	8	static
../Src/display.cpp:1069:10:uint16_t initDisplay()	8	static
../Src/display.cpp:1093:6:void banner()	24	static
../Src/display.cpp:1141:6:void drawtextbox(t_tb_data*)	16	static
../Src/display.cpp:1148:6:void showtextbox(t_tb_data*, char*)	24	static
../Src/display.cpp:1162:6:bool waitforOKorCancel()	24	static
