../Src/interface.cpp:109:6:void changeDSize(uint8_t)	8	static
../Src/interface.cpp:192:6:void move_marker(uint8_t, int8_t)	0	static
../Src/interface.cpp:233:6:void incrementTLevel()	8	static
../Src/interface.cpp:243:6:void decrementTLevel()	8	static
../Src/interface.cpp:255:6:void incrementWaves()	8	static
../Src/interface.cpp:275:6:void decrementWaves()	8	static
../Src/interface.cpp:320:6:void nextTT()	8	static
../Src/interface.cpp:332:6:void incrementTT()	8	static
../Src/interface.cpp:344:6:void decrementTT()	8	static
../Src/interface.cpp:427:6:void incrementFunc()	8	static
../Src/interface.cpp:437:6:void decrementFunc()	8	static
../Src/interface.cpp:510:6:void setVoltageRange(uint8_t)	8	static
../Src/interface.cpp:479:6:void nextVoltageRange()	8	static
../Src/interface.cpp:491:6:void incrementVoltageRange()	8	static
../Src/interface.cpp:500:6:void decrementVoltageRange()	8	static
../Src/interface.cpp:531:6:void toggleWave(uint8_t)	8	static
../Src/interface.cpp:539:6:void changeYCursor(uint8_t, int16_t)	8	static
../Src/interface.cpp:554:6:void changeXCursor(int16_t)	8	static
../Src/interface.cpp:376:6:void setZoomFactor(uint8_t)	8	static
../Src/interface.cpp:354:6:void incrementZoom()	8	static
../Src/interface.cpp:365:6:void decrementZoom()	8	static
../Src/interface.cpp:568:6:void setSamplingRate(uint8_t)	8	static
../Src/interface.cpp:521:6:void setTimeBase(uint8_t)	8	static
../Src/interface.cpp:448:6:void nextTimeBase()	8	static
../Src/interface.cpp:460:6:void incrementTimeBase()	8	static
../Src/interface.cpp:469:6:void decrementTimeBase()	8	static
../Src/interface.cpp:585:6:void setTriggerType(uint8_t)	8	static
../Src/interface.cpp:594:6:void setTriggerDir(uint8_t)	8	static
../Src/interface.cpp:299:6:void incrementEdge()	8	static
../Src/interface.cpp:309:6:void decrementEdge()	8	static
../Src/interface.cpp:602:6:void setTriggerSource(uint8_t)	8	static
../Src/interface.cpp:25:6:void resetParam()	8	static
../Src/interface.cpp:405:6:void incrementTSource()	8	static
../Src/interface.cpp:416:6:void decrementTSource()	8	static
../Src/interface.cpp:122:6:void encoderChanged(int)	8	static
