../Src/stm32f1xx_it.cpp:56:6:void NMI_Handler()	0	static
../Src/stm32f1xx_it.cpp:69:6:void HardFault_Handler()	0	static
../Src/stm32f1xx_it.cpp:87:6:void MemManage_Handler()	0	static
../Src/stm32f1xx_it.cpp:105:6:void BusFault_Handler()	0	static
../Src/stm32f1xx_it.cpp:123:6:void UsageFault_Handler()	0	static
../Src/stm32f1xx_it.cpp:141:6:void SVC_Handler()	0	static
../Src/stm32f1xx_it.cpp:154:6:void DebugMon_Handler()	0	static
../Src/stm32f1xx_it.cpp:167:6:void PendSV_Handler()	0	static
../Src/stm32f1xx_it.cpp:180:6:void SysTick_Handler()	8	static
../Src/stm32f1xx_it.cpp:204:6:void EXTI0_IRQHandler()	8	static
../Src/stm32f1xx_it.cpp:209:6:void EXTI1_IRQHandler()	8	static
../Src/stm32f1xx_it.cpp:214:6:void EXTI3_IRQHandler()	8	static
../Src/stm32f1xx_it.cpp:219:6:void EXTI4_IRQHandler()	8	static
../Src/stm32f1xx_it.cpp:225:6:void EXTI9_5_IRQHandler()	8	static
../Src/stm32f1xx_it.cpp:233:6:void EXTI15_10_IRQHandler()	0	static
../Src/stm32f1xx_it.cpp:240:6:void TIM2_IRQHandler()	8	static
../Src/stm32f1xx_it.cpp:246:6:void ADC1_2_IRQHandler()	8	static
