../Src/stm32f1xx_hal_msp.c:49:6:HAL_MspInit	16	static
../Src/stm32f1xx_hal_msp.c:84:6:HAL_ADC_MspInit	32	static
../Src/stm32f1xx_hal_msp.c:129:6:HAL_ADC_MspDeInit	8	static
../Src/stm32f1xx_hal_msp.c:169:6:HAL_I2C_MspInit	32	static
../Src/stm32f1xx_hal_msp.c:197:6:HAL_I2C_MspDeInit	8	static
../Src/stm32f1xx_hal_msp.c:221:6:HAL_TIM_PWM_MspInit	16	static
../Src/stm32f1xx_hal_msp.c:259:6:HAL_TIM_MspPostInit	24	static
../Src/stm32f1xx_hal_msp.c:283:6:HAL_TIM_PWM_MspDeInit	0	static
../Src/stm32f1xx_hal_msp.c:322:6:HAL_TIM_OC_MspInit	16	static
../Src/stm32f1xx_hal_msp.c:361:6:HAL_TIM_OC_MspDeInit	0	static
../Src/stm32f1xx_hal_msp.c:400:6:HAL_UART_MspInit	32	static
../Src/stm32f1xx_hal_msp.c:433:6:HAL_UART_MspDeInit	8	static
