../Src/stm32f1xx_it.cpp:58:6:void NMI_Handler()	0	static
../Src/stm32f1xx_it.cpp:71:6:void HardFault_Handler()	0	static
../Src/stm32f1xx_it.cpp:89:6:void MemManage_Handler()	0	static
../Src/stm32f1xx_it.cpp:107:6:void BusFault_Handler()	0	static
../Src/stm32f1xx_it.cpp:125:6:void UsageFault_Handler()	0	static
../Src/stm32f1xx_it.cpp:143:6:void SVC_Handler()	0	static
../Src/stm32f1xx_it.cpp:156:6:void DebugMon_Handler()	0	static
../Src/stm32f1xx_it.cpp:169:6:void PendSV_Handler()	0	static
../Src/stm32f1xx_it.cpp:182:6:void SysTick_Handler()	8	static
../Src/stm32f1xx_it.cpp:206:6:void EXTI0_IRQHandler()	8	static
../Src/stm32f1xx_it.cpp:211:6:void EXTI1_IRQHandler()	8	static
../Src/stm32f1xx_it.cpp:216:6:void EXTI3_IRQHandler()	8	static
../Src/stm32f1xx_it.cpp:221:6:void EXTI4_IRQHandler()	8	static
../Src/stm32f1xx_it.cpp:227:6:void EXTI9_5_IRQHandler()	8	static
../Src/stm32f1xx_it.cpp:235:6:void EXTI15_10_IRQHandler()	0	static
../Src/stm32f1xx_it.cpp:242:6:void TIM2_IRQHandler()	8	static
../Src/stm32f1xx_it.cpp:248:6:void ADC1_2_IRQHandler()	8	static
