../Buttons/Source/HandleSource.cpp:69:10:uint32_t but::ButtonWrapper::DurationTime() const	8	static
../Buttons/Source/HandleSource.cpp:5:6:void but::ButtonWrapper::NevermindHandle(bool)	8	static
../Buttons/Source/HandleSource.cpp:21:6:void but::ButtonWrapper::PressBounceHandle(bool)	16	static
../Buttons/Source/HandleSource.cpp:36:6:void but::ButtonWrapper::SliceWaitHandle(bool)	8	static
../Buttons/Source/HandleSource.cpp:59:6:void but::ButtonWrapper::ReleaseBounceHandle(bool)	16	static
../Buttons/Source/HandleSource.cpp:74:6:bool but::ButtonWrapper::ReadPin() const	8	static
